
The 'gcc/4.9.3' module is being loaded


The 'gcc/4.9.3' module is being loaded

tch_final/snp/chr1/orig/bp.churchill.hc.454indiv.snp.chr.1.region.1.vcf.gz

The 'gcc/4.9.3' module is being loaded

tch_final/snp/chr1/orig/bp.churchill.hc.454indiv.snp.chr.1.region.0.vcf.gz
/u/nobackup/eeskin2/jhsul/bipolar/gvcf_batch_final/snp/chr1/orig/bp.churchill.hc.454indiv.snp.chr.1.region.4.vcf.gz
/u/nobackup/eeskin2/jhsul/bipolar/gvcf_batch_final/snp/chr1/orig/bp.churchill.hc.454indiv.snp.chr.1.region.3.vcf.gz
/u/nobackup/eeskin2/jhsul/bipolar/gvcf_batch_final/snp/chr1/orig/bp.churchill.hc.454indiv.snp.chr.1.region.5.vcf.gz
/u/nobackup/eeskin2/jhsul/bipolar/gvcf_batch_final/snp/chr1/orig/bp.churchill.hc.454indiv.snp.chr.1.region.2.vcf.gz

The 'gcc/4.9.3' module is being loaded

/u/nobackup/eeskin2/jhsul/bipolar/gvcf_batch_final/snp/chr1/orig/bp.churchill.hc.454indiv.snp.chr.1.region.8.vcf.gz

The 'gcc/4.9.3' module is being loaded

/u/nobackup/eeskin2/jhsul/bipolar/gvcf_batch_final/snp/chr1/orig/bp.churchill.hc.454indiv.snp.chr.1.region.20.vcf.gz
/u/nobackup/eeskin2/jhsul/bipolar/gvcf_batch_final/snp/chr1/orig/bp.churchill.hc.454indiv.snp.chr.1.region.22.vcf.gz
/u/nobackup/eeskin2/jhsul/bipolar/gvcf_batch_final/snp/chr1/orig/bp.churchill.hc.454indiv.snp.chr.1.region.19.vcf.gz
/u/nobackup/eeskin2/jhsul/bipolar/gvcf_batch_final/snp/chr1/orig/bp.churchill.hc.454indiv.snp.chr.1.region.21.vcf.gz
/u/nobackup/eeskin2/jhsul/bipolar/gvcf_batch_final/snp/chr2/orig/bp.churchill.hc.454indiv.snp.chr.2.region.25.vcf.gz

The 'gcc/4.9.3' module is being loaded


The 'gcc/4.9.3' module is being loaded

tch_final/snp/chr2/orig/bp.churchill.hc.454indiv.snp.chr.2.region.45.vcf.gz

The 'gcc/4.9.3' module is being loaded

tch_final/snp/chr2/orig/bp.churchill.hc.454indiv.snp.chr.2.region.46.vcf.gz
/u/nobackup/eeskin2/jhsul/bipolar/gvcf_batch_final/snp/chr3/orig/bp.churchill.hc.454indiv.snp.chr.3.region.49.vcf.gz
/u/nobackup/eeskin2/jhsul/bipolar/gvcf_batch_final/snp/chr3/orig/bp.churchill.hc.454indiv.snp.chr.3.region.51.vcf.gz
/u/nobackup/eeskin2/jhsul/bipolar/gvcf_batch_final/snp/chr2/orig/bp.churchill.hc.454indiv.snp.chr.2.region.42.vcf.gz
/u/nobackup/eeskin2/jhsul/bipolar/gvcf_batch_final/snp/chr3/orig/bp.churchill.hc.454indiv.snp.chr.3.region.50.vcf.gz

The 'gcc/4.9.3' module is being loaded

/u/nobackup/eeskin2/jhsul/bipolar/gvcf_batch_final/snp/chr3/orig/bp.churchill.hc.454indiv.snp.chr.3.region.57.vcf.gz

The 'gcc/4.9.3' module is being loaded

tch_final/snp/chr3/orig/bp.churchill.hc.454indiv.snp.chr.3.region.61.vcf.gz
/u/nobackup/eeskin2/jhsul/bipolar/gvcf_batch_final/snp/chr3/orig/bp.churchill.hc.454indiv.snp.chr.3.region.53.vcf.gz

The 'gcc/4.9.3' module is being loaded

tch_final/snp/chr3/orig/bp.churchill.hc.454indiv.snp.chr.3.region.62.vcf.gz

The 'gcc/4.9.3' module is being loaded

/u/nobackup/eeskin2/jhsul/bipolar/gvcf_batch_final/snp/chr3/orig/bp.churchill.hc.454indiv.snp.chr.3.region.52.vcf.gz
/u/nobackup/eeskin2/jhsul/bipolar/gvcf_batch_final/snp/chr3/orig/bp.churchill.hc.454indiv.snp.chr.3.region.59.vcf.gz
/u/nobackup/eeskin2/jhsul/bipolar/gvcf_batch_final/snp/chr3/orig/bp.churchill.hc.454indiv.snp.chr.3.region.54.vcf.gz

The 'gcc/4.9.3' module is being loaded

/u/nobackup/eeskin2/jhsul/bipolar/gvcf_batch_final/snp/chr4/orig/bp.churchill.hc.454indiv.snp.chr.4.region.83.vcf.gz

The 'gcc/4.9.3' module is being loaded

tch_final/snp/chr4/orig/bp.churchill.hc.454indiv.snp.chr.4.region.78.vcf.gz
/u/nobackup/eeskin2/jhsul/bipolar/gvcf_batch_final/snp/chr4/orig/bp.churchill.hc.454indiv.snp.chr.4.region.81.vcf.gz
/u/nobackup/eeskin2/jhsul/bipolar/gvcf_batch_final/snp/chr4/orig/bp.churchill.hc.454indiv.snp.chr.4.region.76.vcf.gz
/u/nobackup/eeskin2/jhsul/bipolar/gvcf_batch_final/snp/chr4/orig/bp.churchill.hc.454indiv.snp.chr.4.region.77.vcf.gz
/u/nobackup/eeskin2/jhsul/bipolar/gvcf_batch_final/snp/chr4/orig/bp.churchill.hc.454indiv.snp.chr.4.region.80.vcf.gz
/u/nobackup/eeskin2/jhsul/bipolar/gvcf_batch_final/snp/chr4/orig/bp.churchill.hc.454indiv.snp.chr.4.region.75.vcf.gz
/u/nobackup/eeskin2/jhsul/bipolar/gvcf_batch_final/snp/chr4/orig/bp.churchill.hc.454indiv.snp.chr.4.region.82.vcf.gz
/u/nobackup/eeskin2/jhsul/bipolar/gvcf_batch_final/snp/chr4/orig/bp.churchill.hc.454indiv.snp.chr.4.region.79.vcf.gz

The 'gcc/4.9.3' module is being loaded

/u/nobackup/eeskin2/jhsul/bipolar/gvcf_batch_final/snp/chr4/orig/bp.churchill.hc.454indiv.snp.chr.4.region.85.vcf.gz

The 'gcc/4.9.3' module is being loaded

tch_final/snp/chr5/orig/bp.churchill.hc.454indiv.snp.chr.5.region.88.vcf.gz
/u/nobackup/eeskin2/jhsul/bipolar/gvcf_batch_final/snp/chr4/orig/bp.churchill.hc.454indiv.snp.chr.4.region.87.vcf.gz
/u/nobackup/eeskin2/jhsul/bipolar/gvcf_batch_final/snp/chr5/orig/bp.churchill.hc.454indiv.snp.chr.5.region.90.vcf.gz
/u/nobackup/eeskin2/jhsul/bipolar/gvcf_batch_final/snp/chr5/orig/bp.churchill.hc.454indiv.snp.chr.5.region.92.vcf.gz
/u/nobackup/eeskin2/jhsul/bipolar/gvcf_batch_final/snp/chr5/orig/bp.churchill.hc.454indiv.snp.chr.5.region.89.vcf.gz
/u/nobackup/eeskin2/jhsul/bipolar/gvcf_batch_final/snp/chr5/orig/bp.churchill.hc.454indiv.snp.chr.5.region.91.vcf.gz

The 'gcc/4.9.3' module is being loaded

/u/nobackup/eeskin2/jhsul/bipolar/gvcf_batch_final/snp/chr2/orig/bp.churchill.hc.454indiv.snp.chr.2.region.27.vcf.gz

The 'gcc/4.9.3' module is being loaded

tch_final/snp/chr1/orig/bp.churchill.hc.454indiv.snp.chr.1.region.9.vcf.gz
/u/nobackup/eeskin2/jhsul/bipolar/gvcf_batch_final/snp/chr1/orig/bp.churchill.hc.454indiv.snp.chr.1.region.7.vcf.gz


The 'gcc/4.9.3' module is being loaded

/u/nobackup/eeskin2/jhsul/bipolar/gvcf_batch_final/snp/chr1/orig/bp.churchill.hc.454indiv.snp.chr.1.region.11.vcf.gz

The 'gcc/4.9.3' module is being loaded

tch_final/snp/chr1/orig/bp.churchill.hc.454indiv.snp.chr.1.region.12.vcf.gz
/u/nobackup/eeskin2/jhsul/bipolar/gvcf_batch_final/snp/chr1/orig/bp.churchill.hc.454indiv.snp.chr.1.region.13.vcf.gz
/u/nobackup/eeskin2/jhsul/bipolar/gvcf_batch_final/snp/chr1/orig/bp.churchill.hc.454indiv.snp.chr.1.region.10.vcf.gz
/u/nobackup/eeskin2/jhsul/bipolar/gvcf_batch_final/snp/chr3/orig/bp.churchill.hc.454indiv.snp.chr.3.region.63.vcf.gz

The 'gcc/4.9.3' module is being loaded

/u/nobackup/eeskin2/jhsul/bipolar/gvcf_batch_final/snp/chr2/orig/bp.churchill.hc.454indiv.snp.chr.2.region.32.vcf.gz
/u/nobackup/eeskin2/jhsul/bipolar/gvcf_batch_final/snp/chr2/orig/bp.churchill.hc.454indiv.snp.chr.2.region.34.vcf.gz
/u/nobackup/eeskin2/jhsul/bipolar/gvcf_batch_final/snp/chr2/orig/bp.churchill.hc.454indiv.snp.chr.2.region.38.vcf.gz
/u/nobackup/eeskin2/jhsul/bipolar/gvcf_batch_final/snp/chr2/orig/bp.churchill.hc.454indiv.snp.chr.2.region.29.vcf.gz
/u/nobackup/eeskin2/jhsul/bipolar/gvcf_batch_final/snp/chr2/orig/bp.churchill.hc.454indiv.snp.chr.2.region.39.vcf.gz

The 'gcc/4.9.3' module is being loaded

/u/nobackup/eeskin2/jhsul/bipolar/gvcf_batch_final/snp/chr2/orig/bp.churchill.hc.454indiv.snp.chr.2.region.36.vcf.gz
/u/nobackup/eeskin2/jhsul/bipolar/gvcf_batch_final/snp/chr2/orig/bp.churchill.hc.454indiv.snp.chr.2.region.31.vcf.gz
/u/nobackup/eeskin2/jhsul/bipolar/gvcf_batch_final/snp/chr2/orig/bp.churchill.hc.454indiv.snp.chr.2.region.35.vcf.gz
/u/nobackup/eeskin2/jhsul/bipolar/gvcf_batch_final/snp/chr2/orig/bp.churchill.hc.454indiv.snp.chr.2.region.33.vcf.gz

The 'gcc/4.9.3' module is being loaded

/u/nobackup/eeskin2/jhsul/bipolar/gvcf_batch_final/snp/chr2/orig/bp.churchill.hc.454indiv.snp.chr.2.region.40.vcf.gz
/u/nobackup/eeskin2/jhsul/bipolar/gvcf_batch_final/snp/chr3/orig/bp.churchill.hc.454indiv.snp.chr.3.region.64.vcf.gz
/u/nobackup/eeskin2/jhsul/bipolar/gvcf_batch_final/snp/chr2/orig/bp.churchill.hc.454indiv.snp.chr.2.region.28.vcf.gz

The 'gcc/4.9.3' module is being loaded


The 'gcc/4.9.3' module is being loaded

/u/nobackup/eeskin2/jhsul/bipolar/gvcf_batch_final/snp/chr5/orig/bp.churchill.hc.454indiv.snp.chr.5.region.97.vcf.gz
/u/nobackup/eeskin2/jhsul/bipolar/gvcf_batch_final/snp/chr4/orig/bp.churchill.hc.454indiv.snp.chr.4.region.73.vcf.gz
/u/nobackup/eeskin2/jhsul/bipolar/gvcf_batch_final/snp/chr5/orig/bp.churchill.hc.454indiv.snp.chr.5.region.93.vcf.gz
l.hc.454indiv.snp.chr.5.region.94.vcf.gz

The 'gcc/4.9.3' module is being loaded

tch_final/snp/chr5/orig/bp.churchill.hc.454indiv.snp.chr.5.region.96.vcf.gz

The 'gcc/4.9.3' module is being loaded

/u/nobackup/eeskin2/jhsul/bipolar/gvcf_batch_final/snp/chr5/orig/bp.churchill.hc.454indiv.snp.chr.5.region.98.vcf.gz
/u/nobackup/eeskin2/jhsul/bipolar/gvcf_batch_final/snp/chr5/orig/bp.churchill.hc.454indiv.snp.chr.5.region.95.vcf.gz
/u/nobackup/eeskin2/jhsul/bipolar/gvcf_batch_final/snp/chr5/orig/bp.churchill.hc.454indiv.snp.chr.5.region.99.vcf.gz

The 'gcc/4.9.3' module is being loaded


The 'gcc/4.9.3' module is being loaded

tch_final/snp/chr4/orig/bp.churchill.hc.454indiv.snp.chr.4.region.71.vcf.gz

The 'gcc/4.9.3' module is being loaded

tch_final/snp/chr4/orig/bp.churchill.hc.454indiv.snp.chr.4.region.70.vcf.gz

/u/nobackup/eeskin2/jhsul/bipolar/gvcf_batch_final/snp/chr5/orig/bp.churchill.hc.454indiv.snp.chr.5.region.100.vcf.gz
/u/nobackup/eeskin2/jhsul/bipolar/gvcf_batch_final/snp/chr3/orig/bp.churchill.hc.454indiv.snp.chr.3.region.68.vcf.gz
/u/nobackup/eeskin2/jhsul/bipolar/gvcf_batch_final/snp/chr4/orig/bp.churchill.hc.454indiv.snp.chr.4.region.72.vcf.gz
/u/nobackup/eeskin2/jhsul/bipolar/gvcf_batch_final/snp/chr4/orig/bp.churchill.hc.454indiv.snp.chr.4.region.69.vcf.gz
/u/nobackup/eeskin2/jhsul/bipolar/gvcf_batch_final/snp/chr3/orig/bp.churchill.hc.454indiv.snp.chr.3.region.67.vcf.gz

The 'gcc/4.9.3' module is being loaded

/u/nobackup/eeskin2/jhsul/bipolar/gvcf_batch_final/snp/chr3/orig/bp.churchill.hc.454indiv.snp.chr.3.region.65.vcf.gz

The 'gcc/4.9.3' module is being loaded

tch_final/snp/chr1/orig/bp.churchill.hc.454indiv.snp.chr.1.region.14.vcf.gz
/u/nobackup/eeskin2/jhsul/bipolar/gvcf_batch_final/snp/chr1/orig/bp.churchill.hc.454indiv.snp.chr.1.region.18.vcf.gz
/u/nobackup/eeskin2/jhsul/bipolar/gvcf_batch_final/snp/chr3/orig/bp.churchill.hc.454indiv.snp.chr.3.region.66.vcf.gz
/u/nobackup/eeskin2/jhsul/bipolar/gvcf_batch_final/snp/chr1/orig/bp.churchill.hc.454indiv.snp.chr.1.region.17.vcf.gz

The 'gcc/4.9.3' module is being loaded

/u/nobackup/eeskin2/jhsul/bipolar/gvcf_batch_final/snp/chr6/orig/bp.churchill.hc.454indiv.snp.chr.6.region.114.vcf.gz
/u/nobackup/eeskin2/jhsul/bipolar/gvcf_batch_final/snp/chr6/orig/bp.churchill.hc.454indiv.snp.chr.6.region.106.vcf.gz
/u/nobackup/eeskin2/jhsul/bipolar/gvcf_batch_final/snp/chr6/orig/bp.churchill.hc.454indiv.snp.chr.6.region.108.vcf.gz
/u/nobackup/eeskin2/jhsul/bipolar/gvcf_batch_final/snp/chr5/orig/bp.churchill.hc.454indiv.snp.chr.5.region.104.vcf.gz
/u/nobackup/eeskin2/jhsul/bipolar/gvcf_batch_final/snp/chr6/orig/bp.churchill.hc.454indiv.snp.chr.6.region.112.vcf.gz
/u/nobackup/eeskin2/jhsul/bipolar/gvcf_batch_final/snp/chr6/orig/bp.churchill.hc.454indiv.snp.chr.6.region.111.vcf.gz

The 'gcc/4.9.3' module is being loaded

/u/nobackup/eeskin2/jhsul/bipolar/gvcf_batch_final/snp/chr7/orig/bp.churchill.hc.454indiv.snp.chr.7.region.130.vcf.gz
/u/nobackup/eeskin2/jhsul/bipolar/gvcf_batch_final/snp/chr7/orig/bp.churchill.hc.454indiv.snp.chr.7.region.126.vcf.gz
/u/nobackup/eeskin2/jhsul/bipolar/gvcf_batch_final/snp/chr7/orig/bp.churchill.hc.454indiv.snp.chr.7.region.128.vcf.gz
/u/nobackup/eeskin2/jhsul/bipolar/gvcf_batch_final/snp/chr7/orig/bp.churchill.hc.454indiv.snp.chr.7.region.129.vcf.gz
/u/nobackup/eeskin2/jhsul/bipolar/gvcf_batch_final/snp/chr7/orig/bp.churchill.hc.454indiv.snp.chr.7.region.127.vcf.gz

The 'gcc/4.9.3' module is being loaded

/u/nobackup/eeskin2/jhsul/bipolar/gvcf_batch_final/snp/chr6/orig/bp.churchill.hc.454indiv.snp.chr.6.region.121.vcf.gz
/u/nobackup/eeskin2/jhsul/bipolar/gvcf_batch_final/snp/chr7/orig/bp.churchill.hc.454indiv.snp.chr.7.region.123.vcf.gz

The 'gcc/4.9.3' module is being loaded


The 'gcc/4.9.3' module is being loaded
454indiv.snp.chr.7.region.131.vcf.gz
/u/nobackup/eeskin2/jhsul/bipolar/gvcf_batch_final/snp/chr7/orig/bp.churchill.hc.454indiv.snp.chr.7.region.124.vcf.gz
/u/nobackup/eeskin2/jhsul/bipolar/gvcf_batch_final/snp/chr6/orig/bp.churchill.hc.454indiv.snp.chr.6.region.118.vcf.gz
/u/nobackup/eeskin2/jhsul/bipolar/gvcf_batch_final/snp/chr6/orig/bp.churchill.hc.454indiv.snp.chr.6.region.120.vcf.gz

u/nobackup/eeskin2/jhsul/bipolar/gvcf_batch_final/snp/chr6/orig/bp.churchill.hc.454indiv.snp.chr.6.region.122.vcf.gz
/u/nobackup/eeskin2/jhsul/bipolar/gvcf_batch_final/snp/chr7/orig/bp.churchill.hc.454indiv.snp.chr.7.region.125.vcf.gz
/u/nobackup/eeskin2/jhsul/bipolar/gvcf_batch_final/snp/chr6/orig/bp.churchill.hc.454indiv.snp.chr.6.region.119.vcf.gz
/u/nobackup/eeskin2/jhsul/bipolar/gvcf_batch_final/snp/chr7/orig/bp.churchill.hc.454indiv.snp.chr.7.region.132.vcf.gz

The 'gcc/4.9.3' module is being loaded

/u/nobackup/eeskin2/jhsul/bipolar/gvcf_batch_final/snp/chr6/orig/bp.churchill.hc.454indiv.snp.chr.6.region.116.vcf.gz

The 'gcc/4.9.3' module is being loaded

tch_final/snp/chr5/orig/bp.churchill.hc.454indiv.snp.chr.5.region.103.vcf.gz
/u/nobackup/eeskin2/jhsul/bipolar/gvcf_batch_final/snp/chr6/orig/bp.churchill.hc.454indiv.snp.chr.6.region.117.vcf.gz
/u/nobackup/eeskin2/jhsul/bipolar/gvcf_batch_final/snp/chr5/orig/bp.churchill.hc.454indiv.snp.chr.5.region.102.vcf.gz
/u/nobackup/eeskin2/jhsul/bipolar/gvcf_batch_final/snp/chr5/orig/bp.churchill.hc.454indiv.snp.chr.5.region.101.vcf.gz
/u/nobackup/eeskin2/jhsul/bipolar/gvcf_batch_final/snp/chr6/orig/bp.churchill.hc.454indiv.snp.chr.6.region.115.vcf.gz

The 'gcc/4.9.3' module is being loaded

/u/nobackup/eeskin2/jhsul/bipolar/gvcf_batch_final/snp/chr7/orig/bp.churchill.hc.454indiv.snp.chr.7.region.137.vcf.gz

The 'gcc/4.9.3' module is being loaded

tch_final/snp/chr7/orig/bp.churchill.hc.454indiv.snp.chr.7.region.135.vcf.gz
/u/nobackup/eeskin2/jhsul/bipolar/gvcf_batch_final/snp/chr7/orig/bp.churchill.hc.454indiv.snp.chr.7.region.133.vcf.gz
/u/nobackup/eeskin2/jhsul/bipolar/gvcf_batch_final/snp/chr7/orig/bp.churchill.hc.454indiv.snp.chr.7.region.136.vcf.gz
/u/nobackup/eeskin2/jhsul/bipolar/gvcf_batch_final/snp/chr7/orig/bp.churchill.hc.454indiv.snp.chr.7.region.134.vcf.gz

The 'gcc/4.9.3' module is being loaded

/u/nobackup/eeskin2/jhsul/bipolar/gvcf_batch_final/snp/chr8/orig/bp.churchill.hc.454indiv.snp.chr.8.region.150.vcf.gz
/u/nobackup/eeskin2/jhsul/bipolar/gvcf_batch_final/snp/chr8/orig/bp.churchill.hc.454indiv.snp.chr.8.region.151.vcf.gz

The 'gcc/4.9.3' module is being loaded

/u/nobackup/eeskin2/jhsul/bipolar/gvcf_batch_final/snp/chr8/orig/bp.churchill.hc.454indiv.snp.chr.8.region.140.vcf.gz

The 'gcc/4.9.3' module is being loaded

/u/nobackup/eeskin2/jhsul/bipolar/gvcf_batch_final/snp/chr8/orig/bp.churchill.hc.454indiv.snp.chr.8.region.139.vcf.gz

The 'gcc/4.9.3' module is being loaded

/u/nobackup/eeskin2/jhsul/bipolar/gvcf_batch_final/snp/chr9/orig/bp.churchill.hc.454indiv.snp.chr.9.region.157.vcf.gz

The 'gcc/4.9.3' module is being loaded

tch_final/snp/chr8/orig/bp.churchill.hc.454indiv.snp.chr.8.region.153.vcf.gz
/u/nobackup/eeskin2/jhsul/bipolar/gvcf_batch_final/snp/chr9/orig/bp.churchill.hc.454indiv.snp.chr.9.region.158.vcf.gz
/u/nobackup/eeskin2/jhsul/bipolar/gvcf_batch_final/snp/chr8/orig/bp.churchill.hc.454indiv.snp.chr.8.region.149.vcf.gz
/u/nobackup/eeskin2/jhsul/bipolar/gvcf_batch_final/snp/chr8/orig/bp.churchill.hc.454indiv.snp.chr.8.region.148.vcf.gz
/u/nobackup/eeskin2/jhsul/bipolar/gvcf_batch_final/snp/chr9/orig/bp.churchill.hc.454indiv.snp.chr.9.region.154.vcf.gz
/u/nobackup/eeskin2/jhsul/bipolar/gvcf_batch_final/snp/chr9/orig/bp.churchill.hc.454indiv.snp.chr.9.region.155.vcf.gz
/u/nobackup/eeskin2/jhsul/bipolar/gvcf_batch_final/snp/chr8/orig/bp.churchill.hc.454indiv.snp.chr.8.region.146.vcf.gz

The 'gcc/4.9.3' module is being loaded

/u/nobackup/eeskin2/jhsul/bipolar/gvcf_batch_final/snp/chr10/orig/bp.churchill.hc.454indiv.snp.chr.10.region.171.vcf.gz
/u/nobackup/eeskin2/jhsul/bipolar/gvcf_batch_final/snp/chr10/orig/bp.churchill.hc.454indiv.snp.chr.10.region.172.vcf.gz
/u/nobackup/eeskin2/jhsul/bipolar/gvcf_batch_final/snp/chr10/orig/bp.churchill.hc.454indiv.snp.chr.10.region.180.vcf.gz
/u/nobackup/eeskin2/jhsul/bipolar/gvcf_batch_final/snp/chr10/orig/bp.churchill.hc.454indiv.snp.chr.10.region.170.vcf.gz
/u/nobackup/eeskin2/jhsul/bipolar/gvcf_batch_final/snp/chr10/orig/bp.churchill.hc.454indiv.snp.chr.10.region.173.vcf.gz
/u/nobackup/eeskin2/jhsul/bipolar/gvcf_batch_final/snp/chr10/orig/bp.churchill.hc.454indiv.snp.chr.10.region.177.vcf.gz
/u/nobackup/eeskin2/jhsul/bipolar/gvcf_batch_final/snp/chr10/orig/bp.churchill.hc.454indiv.snp.chr.10.region.179.vcf.gz
/u/nobackup/eeskin2/jhsul/bipolar/gvcf_batch_final/snp/chr10/orig/bp.churchill.hc.454indiv.snp.chr.10.region.175.vcf.gz

The 'gcc/4.9.3' module is being loaded

/u/nobackup/eeskin2/jhsul/bipolar/gvcf_batch_final/snp/chr11/orig/bp.churchill.hc.454indiv.snp.chr.11.region.184.vcf.gz

The 'gcc/4.9.3' module is being loaded

tch_final/snp/chr11/orig/bp.churchill.hc.454indiv.snp.chr.11.region.185.vcf.gz
/u/nobackup/eeskin2/jhsul/bipolar/gvcf_batch_final/snp/chr11/orig/bp.churchill.hc.454indiv.snp.chr.11.region.183.vcf.gz
/u/nobackup/eeskin2/jhsul/bipolar/gvcf_batch_final/snp/chr11/orig/bp.churchill.hc.454indiv.snp.chr.11.region.182.vcf.gz
/u/nobackup/eeskin2/jhsul/bipolar/gvcf_batch_final/snp/chr10/orig/bp.churchill.hc.454indiv.snp.chr.10.region.181.vcf.gz

The 'gcc/4.9.3' module is being loaded

/u/nobackup/eeskin2/jhsul/bipolar/gvcf_batch_final/snp/chr9/orig/bp.churchill.hc.454indiv.snp.chr.9.region.165.vcf.gz
/u/nobackup/eeskin2/jhsul/bipolar/gvcf_batch_final/snp/chr9/orig/bp.churchill.hc.454indiv.snp.chr.9.region.163.vcf.gz
/u/nobackup/eeskin2/jhsul/bipolar/gvcf_batch_final/snp/chr9/orig/bp.churchill.hc.454indiv.snp.chr.9.region.161.vcf.gz
/u/nobackup/eeskin2/jhsul/bipolar/gvcf_batch_final/snp/chr9/orig/bp.churchill.hc.454indiv.snp.chr.9.region.162.vcf.gz
/u/nobackup/eeskin2/jhsul/bipolar/gvcf_batch_final/snp/chr10/orig/bp.churchill.hc.454indiv.snp.chr.10.region.168.vcf.gz
/u/nobackup/eeskin2/jhsul/bipolar/gvcf_batch_final/snp/chr9/orig/bp.churchill.hc.454indiv.snp.chr.9.region.167.vcf.gz

The 'gcc/4.9.3' module is being loaded

/u/nobackup/eeskin2/jhsul/bipolar/gvcf_batch_final/snp/chr11/orig/bp.churchill.hc.454indiv.snp.chr.11.region.191.vcf.gz

The 'gcc/4.9.3' module is being loaded

/u/nobackup/eeskin2/jhsul/bipolar/gvcf_batch_final/snp/chr12/orig/bp.churchill.hc.454indiv.snp.chr.12.region.202.vcf.gz
/u/nobackup/eeskin2/jhsul/bipolar/gvcf_batch_final/snp/chr12/orig/bp.churchill.hc.454indiv.snp.chr.12.region.203.vcf.gz

The 'gcc/4.9.3' module is being loaded

/u/nobackup/eeskin2/jhsul/bipolar/gvcf_batch_final/snp/chr12/orig/bp.churchill.hc.454indiv.snp.chr.12.region.204.vcf.gz

The 'gcc/4.9.3' module is being loaded

/u/nobackup/eeskin2/jhsul/bipolar/gvcf_batch_final/snp/chr11/orig/bp.churchill.hc.454indiv.snp.chr.11.region.195.vcf.gz
/u/nobackup/eeskin2/jhsul/bipolar/gvcf_batch_final/snp/chr11/orig/bp.churchill.hc.454indiv.snp.chr.11.region.194.vcf.gz
/u/nobackup/eeskin2/jhsul/bipolar/gvcf_batch_final/snp/chr12/orig/bp.churchill.hc.454indiv.snp.chr.12.region.198.vcf.gz
/u/nobackup/eeskin2/jhsul/bipolar/gvcf_batch_final/snp/chr12/orig/bp.churchill.hc.454indiv.snp.chr.12.region.201.vcf.gz
/u/nobackup/eeskin2/jhsul/bipolar/gvcf_batch_final/snp/chr12/orig/bp.churchill.hc.454indiv.snp.chr.12.region.199.vcf.gz

The 'gcc/4.9.3' module is being loaded

/u/nobackup/eeskin2/jhsul/bipolar/gvcf_batch_final/snp/chr12/orig/bp.churchill.hc.454indiv.snp.chr.12.region.197.vcf.gz

The 'gcc/4.9.3' module is being loaded

/u/nobackup/eeskin2/jhsul/bipolar/gvcf_batch_final/snp/chr12/orig/bp.churchill.hc.454indiv.snp.chr.12.region.196.vcf.gz

The 'gcc/4.9.3' module is being loaded

/u/nobackup/eeskin2/jhsul/bipolar/gvcf_batch_final/snp/chr11/orig/bp.churchill.hc.454indiv.snp.chr.11.region.187.vcf.gz
/u/nobackup/eeskin2/jhsul/bipolar/gvcf_batch_final/snp/chr11/orig/bp.churchill.hc.454indiv.snp.chr.11.region.189.vcf.gz
/u/nobackup/eeskin2/jhsul/bipolar/gvcf_batch_final/snp/chr11/orig/bp.churchill.hc.454indiv.snp.chr.11.region.188.vcf.gz

The 'gcc/4.9.3' module is being loaded


The 'gcc/4.9.3' module is being loaded

tch_final/snp/chr13/orig/bp.churchill.hc.454indiv.snp.chr.13.region.211.vcf.gz
/u/nobackup/eeskin2/jhsul/bipolar/gvcf_batch_final/snp/chr13/orig/bp.churchill.hc.454indiv.snp.chr.13.region.219.vcf.gz

The 'gcc/4.9.3' module is being loaded

tch_final/snp/chr13/orig/bp.churchill.hc.454indiv.snp.chr.13.region.212.vcf.gz
/u/nobackup/eeskin2/jhsul/bipolar/gvcf_batch_final/snp/chr13/orig/bp.churchill.hc.454indiv.snp.chr.13.region.217.vcf.gz
/u/nobackup/eeskin2/jhsul/bipolar/gvcf_batch_final/snp/chr13/orig/bp.churchill.hc.454indiv.snp.chr.13.region.214.vcf.gz
/u/nobackup/eeskin2/jhsul/bipolar/gvcf_batch_final/snp/chr13/orig/bp.churchill.hc.454indiv.snp.chr.13.region.215.vcf.gz
/u/nobackup/eeskin2/jhsul/bipolar/gvcf_batch_final/snp/chr13/orig/bp.churchill.hc.454indiv.snp.chr.13.region.220.vcf.gz
/u/nobackup/eeskin2/jhsul/bipolar/gvcf_batch_final/snp/chr13/orig/bp.churchill.hc.454indiv.snp.chr.13.region.218.vcf.gz
/u/nobackup/eeskin2/jhsul/bipolar/gvcf_batch_final/snp/chr14/orig/bp.churchill.hc.454indiv.snp.chr.14.region.221.vcf.gz
/u/nobackup/eeskin2/jhsul/bipolar/gvcf_batch_final/snp/chr13/orig/bp.churchill.hc.454indiv.snp.chr.13.region.216.vcf.gz

The 'gcc/4.9.3' module is being loaded

/u/nobackup/eeskin2/jhsul/bipolar/gvcf_batch_final/snp/chr14/orig/bp.churchill.hc.454indiv.snp.chr.14.region.229.vcf.gz

The 'gcc/4.9.3' module is being loaded


The 'gcc/4.9.3' module is being loaded

tch_final/snp/chr14/orig/bp.churchill.hc.454indiv.snp.chr.14.region.231.vcf.gz

The 'gcc/4.9.3' module is being loaded

tch_final/snp/chr14/orig/bp.churchill.hc.454indiv.snp.chr.14.region.226.vcf.gz

The 'gcc/4.9.3' module is being loaded

tch_final/snp/chr14/orig/bp.churchill.hc.454indiv.snp.chr.14.region.223.vcf.gz

The 'gcc/4.9.3' module is being loaded

tch_final/snp/chr14/orig/bp.churchill.hc.454indiv.snp.chr.14.region.224.vcf.gz
/u/nobackup/eeskin2/jhsul/bipolar/gvcf_batch_final/snp/chr14/orig/bp.churchill.hc.454indiv.snp.chr.14.region.222.vcf.gz
/u/nobackup/eeskin2/jhsul/bipolar/gvcf_batch_final/snp/chr14/orig/bp.churchill.hc.454indiv.snp.chr.14.region.230.vcf.gz
/u/nobackup/eeskin2/jhsul/bipolar/gvcf_batch_final/snp/chr14/orig/bp.churchill.hc.454indiv.snp.chr.14.region.228.vcf.gz

The 'gcc/4.9.3' module is being loaded

/u/nobackup/eeskin2/jhsul/bipolar/gvcf_batch_final/snp/chr15/orig/bp.churchill.hc.454indiv.snp.chr.15.region.234.vcf.gz
/u/nobackup/eeskin2/jhsul/bipolar/gvcf_batch_final/snp/chr15/orig/bp.churchill.hc.454indiv.snp.chr.15.region.233.vcf.gz

The 'gcc/4.9.3' module is being loaded

/u/nobackup/eeskin2/jhsul/bipolar/gvcf_batch_final/snp/chr11/orig/bp.churchill.hc.454indiv.snp.chr.11.region.192.vcf.gz

The 'gcc/4.9.3' module is being loaded

tch_final/snp/chr9/orig/bp.churchill.hc.454indiv.snp.chr.9.region.159.vcf.gz
/u/nobackup/eeskin2/jhsul/bipolar/gvcf_batch_final/snp/chr7/orig/bp.churchill.hc.454indiv.snp.chr.7.region.138.vcf.gz

The 'gcc/4.9.3' module is being loaded

tch_final/snp/chr8/orig/bp.churchill.hc.454indiv.snp.chr.8.region.142.vcf.gz

The 'gcc/4.9.3' module is being loaded

tch_final/snp/chr8/orig/bp.churchill.hc.454indiv.snp.chr.8.region.145.vcf.gz
/u/nobackup/eeskin2/jhsul/bipolar/gvcf_batch_final/snp/chr8/orig/bp.churchill.hc.454indiv.snp.chr.8.region.144.vcf.gz
z

The 'gcc/4.9.3' module is being loaded

/u/nobackup/eeskin2/jhsul/bipolar/gvcf_batch_final/snp/chr11/orig/bp.churchill.hc.454indiv.snp.chr.11.region.190.vcf.gz
/u/nobackup/eeskin2/jhsul/bipolar/gvcf_batch_final/snp/chr11/orig/bp.churchill.hc.454indiv.snp.chr.11.region.186.vcf.gz

The 'gcc/4.9.3' module is being loaded

/u/nobackup/eeskin2/jhsul/bipolar/gvcf_batch_final/snp/chr13/orig/bp.churchill.hc.454indiv.snp.chr.13.region.210.vcf.gz
/u/nobackup/eeskin2/jhsul/bipolar/gvcf_batch_final/snp/chr13/orig/bp.churchill.hc.454indiv.snp.chr.13.region.209.vcf.gz
/u/nobackup/eeskin2/jhsul/bipolar/gvcf_batch_final/snp/chr12/orig/bp.churchill.hc.454indiv.snp.chr.12.region.206.vcf.gz

The 'gcc/4.9.3' module is being loaded

tch_final/snp/chr15/orig/bp.churchill.hc.454indiv.snp.chr.15.region.236.vcf.gz
/u/nobackup/eeskin2/jhsul/bipolar/gvcf_batch_final/snp/chr12/orig/bp.churchill.hc.454indiv.snp.chr.12.region.207.vcf.gz
/u/nobackup/eeskin2/jhsul/bipolar/gvcf_batch_final/snp/chr12/orig/bp.churchill.hc.454indiv.snp.chr.12.region.208.vcf.gz

The 'gcc/4.9.3' module is being loaded

/u/nobackup/eeskin2/jhsul/bipolar/gvcf_batch_final/snp/chr15/orig/bp.churchill.hc.454indiv.snp.chr.15.region.240.vcf.gz
/u/nobackup/eeskin2/jhsul/bipolar/gvcf_batch_final/snp/chr15/orig/bp.churchill.hc.454indiv.snp.chr.15.region.241.vcf.gz
/u/nobackup/eeskin2/jhsul/bipolar/gvcf_batch_final/snp/chr15/orig/bp.churchill.hc.454indiv.snp.chr.15.region.239.vcf.gz

The 'gcc/4.9.3' module is being loaded


The 'gcc/4.9.3' module is being loaded
atch_final/snp/chr16/orig/bp.churchill.hc.454indiv.snp.chr.16.region.250.vcf.gz

The 'gcc/4.9.3' module is being loaded

atch_final/snp/chr17/orig/bp.churchill.hc.454indiv.snp.chr.17.region.253.vcf.gz
/u/nobackup/eeskin2/jhsul/bipolar/gvcf_batch_final/snp/chr17/orig/bp.churchill.hc.454indiv.snp.chr.17.region.251.vcf.gz
/u/nobackup/eeskin2/jhsul/bipolar/gvcf_batch_final/snp/chr17/orig/bp.churchill.hc.454indiv.snp.chr.17.region.252.vcf.gz

The 'gcc/4.9.3' module is being loaded

/u/nobackup/eeskin2/jhsul/bipolar/gvcf_batch_final/snp/chr16/orig/bp.churchill.hc.454indiv.snp.chr.16.region.244.vcf.gz

The 'gcc/4.9.3' module is being loaded


The 'gcc/4.9.3' module is being loaded

tch_final/snp/chr17/orig/bp.churchill.hc.454indiv.snp.chr.17.region.258.vcf.gz
/u/nobackup/eeskin2/jhsul/bipolar/gvcf_batch_final/snp/chr17/orig/bp.churchill.hc.454indiv.snp.chr.17.region.257.vcf.gz
/u/nobackup/eeskin2/jhsul/bipolar/gvcf_batch_final/snp/chr18/orig/bp.churchill.hc.454indiv.snp.chr.18.region.263.vcf.gz
/u/nobackup/eeskin2/jhsul/bipolar/gvcf_batch_final/snp/chr18/orig/bp.churchill.hc.454indiv.snp.chr.18.region.259.vcf.gz
/u/nobackup/eeskin2/jhsul/bipolar/gvcf_batch_final/snp/chr18/orig/bp.churchill.hc.454indiv.snp.chr.18.region.260.vcf.gz
/u/nobackup/eeskin2/jhsul/bipolar/gvcf_batch_final/snp/chr17/orig/bp.churchill.hc.454indiv.snp.chr.17.region.255.vcf.gz

The 'gcc/4.9.3' module is being loaded

/u/nobackup/eeskin2/jhsul/bipolar/gvcf_batch_final/snp/chr20/orig/bp.churchill.hc.454indiv.snp.chr.20.region.273.vcf.gz
/u/nobackup/eeskin2/jhsul/bipolar/gvcf_batch_final/snp/chr18/orig/bp.churchill.hc.454indiv.snp.chr.18.region.266.vcf.gz
/u/nobackup/eeskin2/jhsul/bipolar/gvcf_batch_final/snp/chr20/orig/bp.churchill.hc.454indiv.snp.chr.20.region.275.vcf.gz
/u/nobackup/eeskin2/jhsul/bipolar/gvcf_batch_final/snp/chr19/orig/bp.churchill.hc.454indiv.snp.chr.19.region.268.vcf.gz
/u/nobackup/eeskin2/jhsul/bipolar/gvcf_batch_final/snp/chr19/orig/bp.churchill.hc.454indiv.snp.chr.19.region.271.vcf.gz

The 'gcc/4.9.3' module is being loaded


The 'gcc/4.9.3' module is being loaded

tch_final/snp/chr21/orig/bp.churchill.hc.454indiv.snp.chr.21.region.283.vcf.gz

The 'gcc/4.9.3' module is being loaded

tch_final/snp/chr20/orig/bp.churchill.hc.454indiv.snp.chr.20.region.276.vcf.gz
/u/nobackup/eeskin2/jhsul/bipolar/gvcf_batch_final/snp/chr22/orig/bp.churchill.hc.454indiv.snp.chr.22.region.284.vcf.gz

The 'gcc/4.9.3' module is being loaded

tch_final/snp/chr21/orig/bp.churchill.hc.454indiv.snp.chr.21.region.280.vcf.gz
/u/nobackup/eeskin2/jhsul/bipolar/gvcf_batch_final/snp/chr21/orig/bp.churchill.hc.454indiv.snp.chr.21.region.282.vcf.gz
/u/nobackup/eeskin2/jhsul/bipolar/gvcf_batch_final/snp/chr20/orig/bp.churchill.hc.454indiv.snp.chr.20.region.278.vcf.gz

The 'gcc/4.9.3' module is being loaded

/u/nobackup/eeskin2/jhsul/bipolar/gvcf_batch_final/snp/chr15/orig/bp.churchill.hc.454indiv.snp.chr.15.region.237.vcf.gz
/u/nobackup/eeskin2/jhsul/bipolar/gvcf_batch_final/snp/chr15/orig/bp.churchill.hc.454indiv.snp.chr.15.region.238.vcf.gz

The 'gcc/4.9.3' module is being loaded

tch_final/snp/chr16/orig/bp.churchill.hc.454indiv.snp.chr.16.region.242.vcf.gz
/u/nobackup/eeskin2/jhsul/bipolar/gvcf_batch_final/snp/chr16/orig/bp.churchill.hc.454indiv.snp.chr.16.region.243.vcf.gz
/u/nobackup/eeskin2/jhsul/bipolar/gvcf_batch_final/snp/chr16/orig/bp.churchill.hc.454indiv.snp.chr.16.region.246.vcf.gz
/u/nobackup/eeskin2/jhsul/bipolar/gvcf_batch_final/snp/chr8/orig/bp.churchill.hc.454indiv.snp.chr.8.region.143.vcf.gz
z
/u/nobackup/eeskin2/jhsul/bipolar/gvcf_batch_final/snp/chr16/orig/bp.churchill.hc.454indiv.snp.chr.16.region.245.vcf.gz
/u/nobackup/eeskin2/jhsul/bipolar/gvcf_batch_final/snp/chr22/orig/bp.churchill.hc.454indiv.snp.chr.22.region.285.vcf.gz
/u/nobackup/eeskin2/jhsul/bipolar/gvcf_batch_final/snp/chr16/orig/bp.churchill.hc.454indiv.snp.chr.16.region.248.vcf.gz

The 'gcc/4.9.3' module is being loaded

/u/nobackup/eeskin2/jhsul/bipolar/gvcf_batch_final/snp/chr22/orig/bp.churchill.hc.454indiv.snp.chr.22.region.287.vcf.gz
/u/nobackup/eeskin2/jhsul/bipolar/gvcf_batch_final/snp/chr22/orig/bp.churchill.hc.454indiv.snp.chr.22.region.286.vcf.gz
/u/nobackup/eeskin2/jhsul/bipolar/gvcf_batch_final/snp/chr22/orig/bp.churchill.hc.454indiv.snp.chr.22.region.288.vcf.gz

The 'gcc/4.9.3' module is being loaded

/u/nobackup/eeskin2/jhsul/bipolar/gvcf_batch_final/snp/chr16/orig/bp.churchill.hc.454indiv.snp.chr.16.region.249.vcf.gz

The 'gcc/4.9.3' module is being loaded

/u/nobackup/eeskin2/jhsul/bipolar/gvcf_batch_final/snp/chr8/orig/bp.churchill.hc.454indiv.snp.chr.8.region.141.vcf.gz
